// Jest Snapshot v1, https://goo.gl/fbAQLP

exports[`should render home matching snapshot 1`] = `null`;
