// Jest Snapshot v1, https://goo.gl/fbAQLP

exports[`should render register matching snapshot 1`] = `null`;
